PS C:\Users\piplu> cd C:\Users\piplu\Downloads\git_kadai                                             PS C:\Users\piplu\Downloads\git_kadai> mkdir git_challenge    ディレクトリ: C:\Users\piplu\Downloads\git_kadaiMode                 LastWriteTime         Length Name----                 -------------         ------ ----d-----        2025/05/08     15:51                git_challengePS C:\Users\piplu\Downloads\git_kadai> cd git_challengePS C:\Users\piplu\Downloads\git_kadai\git_challenge> git initInitialized empty Git repository in C:/Users/piplu/Downloads/git_kadai/git_challenge/.git/PS C:\Users\piplu\Downloads\git_kadai\git_challenge> echo "Hello,world" >> hello_world.txtPS C:\Users\piplu\Downloads\git_kadai\git_challenge> git add hello_world.txtPS C:\Users\piplu\Downloads\git_kadai\git_challenge> git log --onelinefatal: your current branch 'main' does not have any commits yetPS C:\Users\piplu\Downloads\git_kadai\git_challenge> git commit -m "Hello,world"[main (root-commit) 9a02e55] Hello,world 1 file changed, 0 insertions(+), 0 deletions(-) create mode 100644 hello_world.txtPS C:\Users\piplu\Downloads\git_kadai\git_challenge>  git log --oneline9a02e55 (HEAD -> main) Hello,worldPS C:\Users\piplu\Downloads\git_kadai\git_challenge> echo "こんにちは、世界！" >> hello_world.txtPS C:\Users\piplu\Downloads\git_kadai\git_challenge> git add .PS C:\Users\piplu\Downloads\git_kadai\git_challenge>  git commit -m "こんにちは、世界！"[main e1bdf46] こんにちは、世界！ 1 file changed, 0 insertions(+), 0 deletions(-)PS C:\Users\piplu\Downloads\git_kadai\git_challenge>  git log --oneline  e1bdf46 (HEAD -> main) こんにちは、世界！9a02e55 Hello,worldPS C:\Users\piplu\Downloads\git_kadai\git_challenge> mkdir kadai_005    ディレクトリ: C:\Users\piplu\Downloads\git_kadai\git_challengeMode                 LastWriteTime         Length Name----                 -------------         ------ ----d-----        2025/05/08     16:08                kadai_005PS C:\Users\piplu\Downloads\git_kadai\git_challenge> cd kadai_005PS C:\Users\piplu\Downloads\git_kadai\git_challenge\kadai_005> echo -n "" > kadai_005.txt